(+) --> 0
(+ 5) --> 5
(+ 5 6) --> 11
(+ 5 6 7) --> 18
(-) --> 0
(- 5) --> -5
(- 5 6) --> -1
(- 5 6 7) --> -8
(*) --> 1
(* 5) --> 5
(* 5 6) --> 30
(* 5 6 7) --> 210
(/) --> 0
(/ 0) --> 0
(/ 5) --> 0
(/ 50 6) --> 8
(/ 5000 6 7) --> 119
(=) --> #t
(= 2) --> #t
(= 2 2 2) --> #t
(= 2 2 3) --> ()
(<) --> #t
(< 2) --> #t
(< 2 3 4) --> #t
(< 2 3 3) --> ()
(>) --> #t
(> 2) --> #t
(> 4 3 2) --> #t
(> 4 3 3) --> ()
(<=) --> #t
(<= 2) --> #t
(<= 2 3 4) --> #t
(<= 2 3 3) --> #t
(<= 2 3 2) --> ()
(>=) --> #t
(>= 2) --> #t
(>= 4 3 2) --> #t
(>= 4 3 3) --> #t
(>= 4 3 4) --> ()
(abs) --> 0
(abs -5 6) --> 11
(abs -5 -6) --> 11
(abs 5 6) --> 11
(gcd 32 -36) --> 4
(gcd) --> 0
(lcm 32 -36) --> 288
(lcm) --> 1
(quotient 13 4) --> 3
(quotient -13 4) --> -3
(quotient 13 -4) --> -3
(quotient -13 -4) --> 3
(remainder 13 4) --> 1
(remainder -13 4) --> -1
(remainder 13 -4) --> 1
(remainder -13 -4) --> -1
(modulo 13 4) --> 1
(modulo -13 4) --> 3
(modulo 13 -4) --> -3
(modulo -13 -4) --> -1
(expt) --> 1
(expt 3) --> 1
(expt 3 5) --> 243
(expt -3 5) --> -243
(expt -3 -5) --> 0
