123 --> 123
-123 --> -123
83 --> 83
-83 --> -83
1 --> 1
23 --> 23
-1 --> -1
23 --> 23
291 --> 291
-291 --> -291
123 --> 123
-123 --> -123
1.23456e+14 --> 1.23456e+14
-1.23456e-10 --> -1.23456e-10
(if 1 2 3) --> 2
(if () 2 3 4) --> 4
(cond (() 2) (() 1) (else 3)) --> 3
(eval '(if () 'x1 'x2 'x3)) --> x3
(define memq (lambda (obj lst) (cond ((null? lst) ()) ((eq? obj (car lst)) lst) (else (memq obj (cdr lst)))))) --> <closure-51a5>
(memq 'b '(a b c d)) --> (b c d)
